Component: ARM Compiler 5.06 update 4 (build 422) Tool: armlink [4d35d2]

==============================================================================

Section Cross References

    main.o(.text) refers to misc.o(.text) for NVIC_PriorityGroupConfig
    main.o(.text) refers to delay.o(.text) for delay_init
    main.o(.text) refers to pwm.o(.text) for TIM1_PWM_Init
    main.o(.text) refers to key.o(.text) for keyValueInit
    main.o(.text) refers to usart.o(.text) for uart1_init
    main.o(.text) refers to led.o(.text) for LED_Init
    main.o(.text) refers to cmt211xa.o(.text) for CMT211xA_PORT_Init
    main.o(.text) refers to cc110x.o(.text) for SpiInit
    main.o(.text) refers to adc.o(.text) for Adc_Init
    main.o(.text) refers to pro.o(.text) for S1_Init
    main.o(.text) refers to pro.o(.bss) for S1_pro
    system_stm32f10x.o(.text) refers to system_stm32f10x.o(.data) for SystemCoreClock
    led.o(.text) refers to stm32f10x_rcc.o(.text) for RCC_APB2PeriphClockCmd
    led.o(.text) refers to stm32f10x_gpio.o(.text) for GPIO_Init
    key.o(.text) refers to stm32f10x_rcc.o(.text) for RCC_APB2PeriphClockCmd
    key.o(.text) refers to stm32f10x_gpio.o(.text) for GPIO_Init
    key.o(.text) refers to stm32f10x_exti.o(.text) for EXTI_Init
    key.o(.text) refers to misc.o(.text) for NVIC_Init
    key.o(.text) refers to delay.o(.text) for delay_ms
    key.o(.text) refers to key.o(.bss) for stPwm
    key.o(.text) refers to key.o(.data) for key_up
    stmflash.o(.text) refers to stm32f10x_flash.o(.text) for FLASH_ProgramHalfWord
    stmflash.o(.text) refers to stmflash.o(.bss) for STMFLASH_BUF
    cmt211xa.o(.text) refers to stm32f10x_rcc.o(.text) for RCC_APB2PeriphClockCmd
    cmt211xa.o(.text) refers to stm32f10x_gpio.o(.text) for GPIO_Init
    cmt211xa.o(.text) refers to delay.o(.text) for delay_us
    cmt211xa.o(.text) refers to stm32f10x_tim.o(.text) for TIM_CtrlPWMOutputs
    cmt211xa.o(.text) refers to cmt211xa.o(.data) for pwm_flag
    cmt211xa.o(.text) refers to cmt211xa.o(.bss) for TxBuf
    cmt211xa.o(.text) refers to printfa.o(i.__0printf) for __2printf
    cmt211xa.o(.text) refers to usart.o(.text) for GetCrc
    pwm.o(.text) refers to stm32f10x_rcc.o(.text) for RCC_APB2PeriphClockCmd
    pwm.o(.text) refers to stm32f10x_gpio.o(.text) for GPIO_Init
    pwm.o(.text) refers to stm32f10x_tim.o(.text) for TIM_TimeBaseInit
    pwm.o(.text) refers to delay.o(.text) for delay_us
    pwm.o(.text) refers to pwm.o(.data) for time_off
    adc.o(.text) refers to stm32f10x_rcc.o(.text) for RCC_APB2PeriphClockCmd
    adc.o(.text) refers to stm32f10x_gpio.o(.text) for GPIO_Init
    adc.o(.text) refers to stm32f10x_adc.o(.text) for ADC_DeInit
    adc.o(.text) refers to delay.o(.text) for delay_ms
    adc.o(.text) refers to printfa.o(i.__0printf) for __2printf
    adc.o(.text) refers to ffltui.o(.text) for __aeabi_ui2f
    adc.o(.text) refers to f2d.o(.text) for __aeabi_f2d
    adc.o(.text) refers to dmul.o(.text) for __aeabi_dmul
    adc.o(.text) refers to d2f.o(.text) for __aeabi_d2f
    adc.o(.text) refers to adc.o(.data) for adcx
    cc110x.o(.text) refers to stm32f10x_rcc.o(.text) for RCC_APB2PeriphClockCmd
    cc110x.o(.text) refers to stm32f10x_gpio.o(.text) for GPIO_Init
    cc110x.o(.text) refers to cc110x.o(.constdata) for rfSettings
    cc110x.o(.text) refers to delay.o(.text) for delay_us
    cc110x.o(.text) refers to stm32f10x_tim.o(.text) for TIM_CtrlPWMOutputs
    cc110x.o(.text) refers to printfa.o(i.__0printf) for __2printf
    cc110x.o(.text) refers to cc110x.o(.data) for prev_t
    encode_decode.o(.text) refers to delay.o(.text) for delay_us
    encode_decode.o(.text) refers to stm32f10x_tim.o(.text) for TIM_CtrlPWMOutputs
    encode_decode.o(.text) refers to usart.o(.text) for GetCrc
    encode_decode.o(.text) refers to encode_decode.o(.data) for ComTimer
    delay.o(.text) refers to misc.o(.text) for SysTick_CLKSourceConfig
    delay.o(.text) refers to system_stm32f10x.o(.data) for SystemCoreClock
    delay.o(.text) refers to delay.o(.data) for fac_us
    delay.o(.text) refers to pro.o(.bss) for S1_pro
    usart.o(.text) refers to ring_buffer.o(i.init_ring_buf) for init_ring_buf
    usart.o(.text) refers to stm32f10x_usart.o(.text) for USART_GetITStatus
    usart.o(.text) refers to ring_buffer.o(i.push_buf) for push_buf
    usart.o(.text) refers to ring_buffer.o(i.pop_buf_t) for pop_buf_t
    usart.o(.text) refers to pro.o(.text) for A83T_TO_S1
    usart.o(.text) refers to ring_buffer.o(i.pop_buf) for pop_buf
    usart.o(.text) refers to usart.o(.bss) for uart5_recv_buf
    usart.o(.text) refers to usart.o(.data) for pctlStep
    usart.o(.text) refers to ring_buffer.o(i.push_buf_t) for push_buf_t
    usart.o(.text) refers to stm32f10x_rcc.o(.text) for RCC_APB2PeriphClockCmd
    usart.o(.text) refers to stm32f10x_gpio.o(.text) for GPIO_Init
    usart.o(.text) refers to misc.o(.text) for NVIC_Init
    usmart.o(.text) refers to usmart_str.o(.text) for usmart_get_cmdname
[...]
    Removing sz_vsprintf.o(i.vsscanf), (1080 bytes).
    Removing sz_vsprintf.o(.constdata), (74 bytes).
    Removing check_out.o(i.console_do_cmd), (36 bytes).
    Removing check_out.o(i.handl_cmd), (84 bytes).
    Removing check_out.o(i.handl_data), (444 bytes).
    Removing check_out.o(i.mem_clear), (96 bytes).
    Removing check_out.o(i.register_handl_proc), (16 bytes).
    Removing check_out.o(i.unregister_handl_proc), (12 bytes).
    Removing check_out.o(.bss), (248 bytes).
    Removing check_out.o(.data), (12 bytes).

117 unused section(s) (total 20779 bytes) removed from the image.

==============================================================================

Image Symbol Table

    Local Symbols

    Symbol Name                              Value     Ov Type        Size  Object(Section)

    ../clib/../cmprslib/zerorunl2.c          0x00000000   Number         0  __dczerorl2.o ABSOLUTE
    ../clib/microlib/division.c              0x00000000   Number         0  uldiv.o ABSOLUTE
    ../clib/microlib/division.c              0x00000000   Number         0  uidiv.o ABSOLUTE
    ../clib/microlib/init/entry.s            0x00000000   Number         0  entry5.o ABSOLUTE
    ../clib/microlib/init/entry.s            0x00000000   Number         0  entry10b.o ABSOLUTE
    ../clib/microlib/init/entry.s            0x00000000   Number         0  entry7b.o ABSOLUTE
    ../clib/microlib/init/entry.s            0x00000000   Number         0  entry7a.o ABSOLUTE
    ../clib/microlib/init/entry.s            0x00000000   Number         0  entry10a.o ABSOLUTE
    ../clib/microlib/init/entry.s            0x00000000   Number         0  entry9a.o ABSOLUTE
    ../clib/microlib/init/entry.s            0x00000000   Number         0  entry.o ABSOLUTE
    ../clib/microlib/init/entry.s            0x00000000   Number         0  entry8b.o ABSOLUTE
    ../clib/microlib/init/entry.s            0x00000000   Number         0  entry8a.o ABSOLUTE
    ../clib/microlib/init/entry.s            0x00000000   Number         0  entry9b.o ABSOLUTE
    ../clib/microlib/init/entry.s            0x00000000   Number         0  entry11a.o ABSOLUTE
    ../clib/microlib/init/entry.s            0x00000000   Number         0  entry11b.o ABSOLUTE
    ../clib/microlib/init/entry.s            0x00000000   Number         0  entry2.o ABSOLUTE
    ../clib/microlib/longlong.c              0x00000000   Number         0  llushr.o ABSOLUTE
    ../clib/microlib/longlong.c              0x00000000   Number         0  llsshr.o ABSOLUTE
    ../clib/microlib/longlong.c              0x00000000   Number         0  llshl.o ABSOLUTE
    ../clib/microlib/printf/printf.c         0x00000000   Number         0  printf3.o ABSOLUTE
    ../clib/microlib/printf/printf.c         0x00000000   Number         0  printf2.o ABSOLUTE
    ../clib/microlib/printf/printf.c         0x00000000   Number         0  printf1.o ABSOLUTE
    ../clib/microlib/printf/printf.c         0x00000000   Number         0  printf0.o ABSOLUTE
    ../clib/microlib/printf/printf.c         0x00000000   Number         0  printfb.o ABSOLUTE
    ../clib/microlib/printf/printf.c         0x00000000   Number         0  printf4.o ABSOLUTE
    ../clib/microlib/printf/printf.c         0x00000000   Number         0  printf8.o ABSOLUTE
    ../clib/microlib/printf/printf.c         0x00000000   Number         0  printfa.o ABSOLUTE
    ../clib/microlib/printf/printf.c         0x00000000   Number         0  printf5.o ABSOLUTE
    ../clib/microlib/printf/printf.c         0x00000000   Number         0  printf6.o ABSOLUTE
    ../clib/microlib/printf/printf.c         0x00000000   Number         0  printf7.o ABSOLUTE
    ../clib/microlib/printf/stubs.s          0x00000000   Number         0  stubs.o ABSOLUTE
    ../clib/microlib/string/memcpy.c         0x00000000   Number         0  memcpyb.o ABSOLUTE
    ../clib/microlib/string/memcpy.c         0x00000000   Number         0  memcpya.o ABSOLUTE
    ../clib/microlib/string/memset.c         0x00000000   Number         0  memseta.o ABSOLUTE
    ../clib/microlib/string/strcmp.c         0x00000000   Number         0  strcmp.o ABSOLUTE
    ../clib/microlib/string/strlen.c         0x00000000   Number         0  strlen.o ABSOLUTE
    ../clib/microlib/stubs.s                 0x00000000   Number         0  useno.o ABSOLUTE
    ../clib/microlib/stubs.s                 0x00000000   Number         0  iusefp.o ABSOLUTE
    ../fplib/microlib/d2f.c                  0x00000000   Number         0  d2f.o ABSOLUTE
    ../fplib/microlib/f2d.c                  0x00000000   Number         0  f2d.o ABSOLUTE
    ../fplib/microlib/fpadd.c                0x00000000   Number         0  dadd.o ABSOLUTE
    ../fplib/microlib/fpdiv.c                0x00000000   Number         0  ddiv.o ABSOLUTE
    ../fplib/microlib/fpepilogue.c           0x00000000   Number         0  fepilogue.o ABSOLUTE
    ../fplib/microlib/fpepilogue.c           0x00000000   Number         0  depilogue.o ABSOLUTE
    ../fplib/microlib/fpfix.c                0x00000000   Number         0  dfixul.o ABSOLUTE
    ../fplib/microlib/fpflt.c                0x00000000   Number         0  ffltui.o ABSOLUTE
    ../fplib/microlib/fpmul.c                0x00000000   Number         0  dmul.o ABSOLUTE
    ..\CORE\core_cm3.c                       0x00000000   Number         0  core_cm3.o ABSOLUTE
    ..\CORE\startup_stm32f10x_hd.s           0x00000000   Number         0  startup_stm32f10x_hd.o ABSOLUTE
    ..\Console\console_cmd.c                 0x00000000   Number         0  console_cmd.o ABSOLUTE
    ..\Console\stm_console.c                 0x00000000   Number         0  stm_console.o ABSOLUTE
    ..\HARDWARE\ADC\adc.c                    0x00000000   Number         0  adc.o ABSOLUTE
    ..\HARDWARE\CC110x\CC110x.c              0x00000000   Number         0  cc110x.o ABSOLUTE
    ..\HARDWARE\CMT211xA\CMT211xA.c          0x00000000   Number         0  cmt211xa.o ABSOLUTE
    ..\HARDWARE\ENCODE_DECODE\encode_decode.c 0x00000000   Number         0  encode_decode.o ABSOLUTE
    ..\HARDWARE\KEY\key.c                    0x00000000   Number         0  key.o ABSOLUTE
    ..\HARDWARE\LED\led.c                    0x00000000   Number         0  led.o ABSOLUTE
    ..\HARDWARE\PWM\pwm.c                    0x00000000   Number         0  pwm.o ABSOLUTE
    ..\HARDWARE\STMFLASH\stmflash.c          0x00000000   Number         0  stmflash.o ABSOLUTE
    ..\PRO\pro.c                             0x00000000   Number         0  pro.o ABSOLUTE
    ..\STM32F10x_FWLib\src\misc.c            0x00000000   Number         0  misc.o ABSOLUTE
    ..\STM32F10x_FWLib\src\stm32f10x_adc.c   0x00000000   Number         0  stm32f10x_adc.o ABSOLUTE
    ..\STM32F10x_FWLib\src\stm32f10x_exti.c  0x00000000   Number         0  stm32f10x_exti.o ABSOLUTE
    ..\STM32F10x_FWLib\src\stm32f10x_flash.c 0x00000000   Number         0  stm32f10x_flash.o ABSOLUTE
    ..\STM32F10x_FWLib\src\stm32f10x_gpio.c  0x00000000   Number         0  stm32f10x_gpio.o ABSOLUTE
    ..\STM32F10x_FWLib\src\stm32f10x_rcc.c   0x00000000   Number         0  stm32f10x_rcc.o ABSOLUTE
    ..\STM32F10x_FWLib\src\stm32f10x_tim.c   0x00000000   Number         0  stm32f10x_tim.o ABSOLUTE
    ..\STM32F10x_FWLib\src\stm32f10x_usart.c 0x00000000   Number         0  stm32f10x_usart.o ABSOLUTE
    ..\SYSTEM\delay\delay.c                  0x00000000   Number         0  delay.o ABSOLUTE
    ..\SYSTEM\sys\sys.c                      0x00000000   Number         0  sys.o ABSOLUTE
    ..\SYSTEM\usart\usart.c                  0x00000000   Number         0  usart.o ABSOLUTE
    ..\USMART\usmart.c                       0x00000000   Number         0  usmart.o ABSOLUTE
    ..\USMART\usmart_config.c                0x00000000   Number         0  usmart_config.o ABSOLUTE
    ..\USMART\usmart_str.c                   0x00000000   Number         0  usmart_str.o ABSOLUTE
    ..\\CORE\\core_cm3.c                     0x00000000   Number         0  core_cm3.o ABSOLUTE
    ..\\SYSTEM\\sys\\sys.c                   0x00000000   Number         0  sys.o ABSOLUTE
    cdcmple.s                                0x00000000   Number         0  cdcmple.o ABSOLUTE
    cdrcmple.s                               0x00000000   Number         0  cdrcmple.o ABSOLUTE
    console\check_out.c                      0x00000000   Number         0  check_out.o ABSOLUTE
    console\terminal.c                       0x00000000   Number         0  terminal.o ABSOLUTE
    dc.s                                     0x00000000   Number         0  dc.o ABSOLUTE
    handlers.s                               0x00000000   Number         0  handlers.o ABSOLUTE
    init.s                                   0x00000000   Number         0  init.o ABSOLUTE
    libc\sz_ctype.c                          0x00000000   Number         0  sz_ctype.o ABSOLUTE
    libc\sz_libc.c                           0x00000000   Number         0  sz_libc.o ABSOLUTE
    libc\sz_vsprintf.c                       0x00000000   Number         0  sz_vsprintf.o ABSOLUTE
    main.c                                   0x00000000   Number         0  main.o ABSOLUTE
    ringbuf\ring_buffer.c                    0x00000000   Number         0  ring_buffer.o ABSOLUTE
    stm32f10x_it.c                           0x00000000   Number         0  stm32f10x_it.o ABSOLUTE
    system_stm32f10x.c                       0x00000000   Number         0  system_stm32f10x.o ABSOLUTE
    RESET                                    0x08000000   Section      304  startup_stm32f10x_hd.o(RESET)
    .ARM.Collect$$$$00000000                 0x08000130   Section        0  entry.o(.ARM.Collect$$$$00000000)
    .ARM.Collect$$$$00000001                 0x08000130   Section        4  entry2.o(.ARM.Collect$$$$00000001)
    .ARM.Collect$$$$00000004                 0x08000134   Section        4  entry5.o(.ARM.Collect$$$$00000004)
    .ARM.Collect$$$$00000008                 0x08000138   Section        0  entry7b.o(.ARM.Collect$$$$00000008)
    .ARM.Collect$$$$0000000A                 0x08000138   Section        0  entry8b.o(.ARM.Collect$$$$0000000A)
    .ARM.Collect$$$$0000000B                 0x08000138   Section        8  entry9a.o(.ARM.Collect$$$$0000000B)
    .ARM.Collect$$$$0000000D                 0x08000140   Section        0  entry10a.o(.ARM.Collect$$$$0000000D)
    .ARM.Collect$$$$0000000F                 0x08000140   Section        0  entry11a.o(.ARM.Collect$$$$0000000F)
    .ARM.Collect$$$$00002712                 0x08000140   Section        4  entry2.o(.ARM.Collect$$$$00002712)
    __lit__00000000                          0x08000140   Data           4  entry2.o(.ARM.Collect$$$$00002712)
    .text                                    0x08000144   Section        0  main.o(.text)
    .text                                    0x08000214   Section        0  stm32f10x_it.o(.text)
    .text                                    0x08000230   Section        0  system_stm32f10x.o(.text)
    SetSysClockTo72                          0x08000231   Thumb Code   214  system_stm32f10x.o(.text)
    SetSysClock                              0x08000307   Thumb Code     8  system_stm32f10x.o(.text)
    .text                                    0x08000410   Section        0  led.o(.text)
    .text                                    0x08000448   Section        0  key.o(.text)
    .text                                    0x08000790   Section        0  cmt211xa.o(.text)
    .text                                    0x08000dd4   Section        0  pwm.o(.text)
    .text                                    0x08000fa0   Section        0  adc.o(.text)
    .text                                    0x0800112c   Section        0  cc110x.o(.text)
    .text                                    0x08001758   Section        0  delay.o(.text)
    .text                                    0x08001850   Section        0  usart.o(.text)
    UART5_RECV                               0x0800192b   Thumb Code    52  usart.o(.text)
    UART4_RECV                               0x0800195f   Thumb Code    52  usart.o(.text)
    UART3_RECV                               0x08001993   Thumb Code    52  usart.o(.text)
    UART2_RECV                               0x080019c7   Thumb Code    52  usart.o(.text)
    UART1_RECV                               0x080019fb   Thumb Code    40  usart.o(.text)
    UART1_SEND                               0x08001a23   Thumb Code    64  usart.o(.text)
    .text                                    0x08002168   Section        0  usmart.o(.text)
    .text                                    0x08002da8   Section        0  usmart_str.o(.text)
    .text                                    0x080032d0   Section       36  startup_stm32f10x_hd.o(.text)
    .text                                    0x080032f4   Section        0  stm32f10x_gpio.o(.text)
    .text                                    0x08003650   Section        0  stm32f10x_rcc.o(.text)
    .text                                    0x080039f4   Section        0  stm32f10x_usart.o(.text)
    .text                                    0x08003dfc   Section        0  misc.o(.text)
    .text                                    0x08003ed8   Section        0  stm32f10x_tim.o(.text)
    TI4_Config                               0x0800437f   Thumb Code   130  stm32f10x_tim.o(.text)
    TI3_Config                               0x08004413   Thumb Code   122  stm32f10x_tim.o(.text)
    TI2_Config                               0x080044a7   Thumb Code   130  stm32f10x_tim.o(.text)
    TI1_Config                               0x0800453b   Thumb Code   108  stm32f10x_tim.o(.text)
    .text                                    0x08004cf4   Section        0  stm32f10x_adc.o(.text)
    .text                                    0x08005144   Section        0  stm32f10x_exti.o(.text)
    .text                                    0x08005260   Section        0  pro.o(.text)
    PCTL_MemCopy                             0x08005261   Thumb Code    28  pro.o(.text)
    PCTL_MemSet                              0x0800527d   Thumb Code    22  pro.o(.text)
    PTLC_PRO                                 0x080053eb   Thumb Code  1452  pro.o(.text)
    S1_clearData                             0x08005dbd   Thumb Code   126  pro.o(.text)
    power_work_pro                           0x08005e4b   Thumb Code   166  pro.o(.text)
    normal_work_Pro                          0x08005ef1   Thumb Code    48  pro.o(.text)
    temp_pro                                 0x08005f21   Thumb Code   150  pro.o(.text)
    washFinsh_pro                            0x08005fb7   Thumb Code   342  pro.o(.text)
    charge_pro                               0x0800610d   Thumb Code   194  pro.o(.text)
    control_dice_pro                         0x080061cf   Thumb Code   198  pro.o(.text)
    keyGet_pro                               0x080062c9   Thumb Code    22  pro.o(.text)
    displayDice                              0x080062fd   Thumb Code    94  pro.o(.text)
    .text                                    0x08006584   Section        0  uldiv.o(.text)
    .text                                    0x080065e6   Section        0  memcpya.o(.text)
    .text                                    0x0800660a   Section        0  memseta.o(.text)
    .text                                    0x0800662e   Section        0  dmul.o(.text)
    .text                                    0x08006712   Section        0  ffltui.o(.text)
    .text                                    0x0800671c   Section        0  f2d.o(.text)
    .text                                    0x08006744   Section       48  cdcmple.o(.text)
    .text                                    0x08006774   Section        0  d2f.o(.text)
    .text                                    0x080067ac   Section        0  uidiv.o(.text)
    .text                                    0x080067d8   Section        0  llshl.o(.text)
    .text                                    0x080067f6   Section        0  llushr.o(.text)
    .text                                    0x08006816   Section        0  iusefp.o(.text)
    .text                                    0x08006816   Section        0  fepilogue.o(.text)
    .text                                    0x08006884   Section        0  depilogue.o(.text)
    .text                                    0x0800693e   Section        0  dadd.o(.text)
    .text                                    0x08006a8c   Section        0  ddiv.o(.text)
    .text                                    0x08006b6a   Section        0  dfixul.o(.text)
    .text                                    0x08006b9c   Section       48  cdrcmple.o(.text)
    .text                                    0x08006bcc   Section       36  init.o(.text)
    .text                                    0x08006bf0   Section        0  llsshr.o(.text)
    .text                                    0x08006c14   Section        0  __dczerorl2.o(.text)
    i.__0printf                              0x08006c6c   Section        0  printfa.o(i.__0printf)
    i.__scatterload_copy                     0x08006c8c   Section       14  handlers.o(i.__scatterload_copy)
    i.__scatterload_null                     0x08006c9a   Section        2  handlers.o(i.__scatterload_null)
    i.__scatterload_zeroinit                 0x08006c9c   Section       14  handlers.o(i.__scatterload_zeroinit)
    i._fp_digits                             0x08006cac   Section        0  printfa.o(i._fp_digits)
    _fp_digits                               0x08006cad   Thumb Code   366  printfa.o(i._fp_digits)
    i._printf_core                           0x08006e30   Section        0  printfa.o(i._printf_core)
    _printf_core                             0x08006e31   Thumb Code  1744  printfa.o(i._printf_core)
    i._printf_post_padding                   0x0800750c   Section        0  printfa.o(i._printf_post_padding)
    _printf_post_padding                     0x0800750d   Thumb Code    36  printfa.o(i._printf_post_padding)
    i._printf_pre_padding                    0x08007530   Section        0  printfa.o(i._printf_pre_padding)
    _printf_pre_padding                      0x08007531   Thumb Code    46  printfa.o(i._printf_pre_padding)
    i.fix_read_v                             0x0800755e   Section        0  ring_buffer.o(i.fix_read_v)
    fix_read_v                               0x0800755f   Thumb Code    12  ring_buffer.o(i.fix_read_v)
    i.fix_write_v                            0x0800756a   Section        0  ring_buffer.o(i.fix_write_v)
    fix_write_v                              0x0800756b   Thumb Code    16  ring_buffer.o(i.fix_write_v)
    i.get_buf_data_size                      0x0800757a   Section        0  ring_buffer.o(i.get_buf_data_size)
    i.get_buf_left_size                      0x0800758e   Section        0  ring_buffer.o(i.get_buf_left_size)
    i.get_higest_bit                         0x080075aa   Section        0  ring_buffer.o(i.get_higest_bit)
    get_higest_bit                           0x080075ab   Thumb Code    32  ring_buffer.o(i.get_higest_bit)
    i.init_ring_buf                          0x080075ca   Section        0  ring_buffer.o(i.init_ring_buf)
    i.pop_buf                                0x080075fc   Section        0  ring_buffer.o(i.pop_buf)
    i.pop_buf_t                              0x08007640   Section        0  ring_buffer.o(i.pop_buf_t)
    i.push_buf                               0x080076f4   Section        0  ring_buffer.o(i.push_buf)
    i.push_buf_t                             0x0800773c   Section        0  ring_buffer.o(i.push_buf_t)
    .constdata                               0x080077fc   Section       35  cc110x.o(.constdata)
    .constdata                               0x08007820   Section       20  pro.o(.constdata)
    .conststring                             0x08007834   Section       40  usmart.o(.conststring)
    .conststring                             0x0800785c   Section      107  usmart_config.o(.conststring)
    .data                                    0x20000000   Section       20  system_stm32f10x.o(.data)
    .data                                    0x20000014   Section        1  key.o(.data)
    key_up                                   0x20000014   Data           1  key.o(.data)
    .data                                    0x20000018   Section       23  cmt211xa.o(.data)
    mode                                     0x2000001b   Data           1  cmt211xa.o(.data)
    pwm_flag                                 0x2000001c   Data           1  cmt211xa.o(.data)
    prev_t                                   0x20000020   Data           4  cmt211xa.o(.data)
    crc                                      0x20000024   Data           2  cmt211xa.o(.data)
    by                                       0x20000026   Data           2  cmt211xa.o(.data)
    str                                      0x20000028   Data           7  cmt211xa.o(.data)
    .data                                    0x20000030   Section        8  pwm.o(.data)
    time_on                                  0x20000030   Data           2  pwm.o(.data)
    time_off                                 0x20000032   Data           2  pwm.o(.data)
    time_on2                                 0x20000034   Data           2  pwm.o(.data)
    time_off2                                0x20000036   Data           2  pwm.o(.data)
    .data                                    0x20000038   Section        8  adc.o(.data)
    adcx                                     0x20000038   Data           2  adc.o(.data)
    temp                                     0x2000003c   Data           4  adc.o(.data)
    .data                                    0x20000040   Section        4  cc110x.o(.data)
    prev_t                                   0x20000040   Data           4  cc110x.o(.data)
    .data                                    0x20000044   Section        4  delay.o(.data)
    fac_us                                   0x20000044   Data           1  delay.o(.data)
    fac_ms                                   0x20000046   Data           2  delay.o(.data)
    .data                                    0x20000048   Section       32  usart.o(.data)
    card_num                                 0x2000004d   Data           4  usart.o(.data)
    uart_to_addr                             0x20000051   Data           4  usart.o(.data)
    proDataLen                               0x20000060   Data           4  usart.o(.data)
    len                                      0x20000064   Data           4  usart.o(.data)
    .data                                    0x20000068   Section       28  usmart.o(.data)
    .data                                    0x20000084   Section      276  usmart_config.o(.data)
    .data                                    0x20000198   Section       20  stm32f10x_rcc.o(.data)
    APBAHBPrescTable                         0x20000198   Data          16  stm32f10x_rcc.o(.data)
    ADCPrescTable                            0x200001a8   Data           4  stm32f10x_rcc.o(.data)
    .data                                    0x200001ac   Section       12  pro.o(.data)
    crc                                      0x200001ac   Data           2  pro.o(.data)
    by                                       0x200001ae   Data           2  pro.o(.data)
    str                                      0x200001b0   Data           7  pro.o(.data)
    time                                     0x200001b7   Data           1  pro.o(.data)
    .bss                                     0x200001b8   Section       15  key.o(.bss)
    .bss                                     0x200001c7   Section       64  cmt211xa.o(.bss)
    .bss                                     0x20000208   Section     7720  usart.o(.bss)
    uart5_recv_rgb                           0x20000208   Data          16  usart.o(.bss)
    uart5_recv_buf                           0x20000218   Data         512  usart.o(.bss)
    uart5_recDataRing                        0x20000418   Data          16  usart.o(.bss)
    uart5_recDataBut                         0x20000428   Data         512  usart.o(.bss)
    uart4_recv_rgb                           0x20000628   Data          16  usart.o(.bss)
    uart4_recv_buf                           0x20000638   Data         512  usart.o(.bss)
    uart4_recDataRing                        0x20000838   Data          16  usart.o(.bss)
    uart4_recDataBut                         0x20000848   Data         512  usart.o(.bss)
    uart3_recv_rgb                           0x20000a48   Data          16  usart.o(.bss)
    uart3_recv_buf                           0x20000a58   Data         512  usart.o(.bss)
    uart3_recDataRing                        0x20000c58   Data          16  usart.o(.bss)
    uart3_recDataBut                         0x20000c68   Data         512  usart.o(.bss)
    uart2_recv_rgb                           0x20000e68   Data          16  usart.o(.bss)
    uart2_recv_buf                           0x20000e78   Data         512  usart.o(.bss)
    uart2_recDataRing                        0x20001078   Data          16  usart.o(.bss)
    uart2_recDataBut                         0x20001088   Data         512  usart.o(.bss)
    uart1_recv_rgb                           0x20001288   Data          16  usart.o(.bss)
    uart1_recv_buf                           0x20001298   Data         512  usart.o(.bss)
    uart1_send_buf                           0x200014a8   Data        1024  usart.o(.bss)
    card_recv                                0x200018a8   Data         400  usart.o(.bss)
    touzi_recv                               0x20001a38   Data          16  usart.o(.bss)
    read_uart_buf                            0x20001e30   Data         512  usart.o(.bss)
    .bss                                     0x20002030   Section      748  pro.o(.bss)
    STACK                                    0x20002320   Section     1024  startup_stm32f10x_hd.o(STACK)

    Global Symbols

    Symbol Name                              Value     Ov Type        Size  Object(Section)

    BuildAttributes$$THM_ISAv4$P$D$K$B$S$PE$A:L22UL41UL21$X:L11$S22US41US21$IEEE1$IW$USESV6$~STKCKD$USESV7$~SHL$OTIME$ROPI$EBA8$MICROLIB$REQ8$PRES8$EABIv2 0x00000000   Number         0  anon$$obj.o ABSOLUTE
    __ARM_use_no_argv                        0x00000000   Number         0  main.o ABSOLUTE
    __use_no_errno                           0x00000000   Number         0  useno.o ABSOLUTE
    __use_no_exception_handling              0x00000000   Number         0  useno.o ABSOLUTE
    __use_no_fp                              0x00000000   Number         0  useno.o ABSOLUTE
    __use_no_heap                            0x00000000   Number         0  useno.o ABSOLUTE
    __use_no_heap_region                     0x00000000   Number         0  useno.o ABSOLUTE
    __use_no_semihosting                     0x00000000   Number         0  useno.o ABSOLUTE
    __use_no_semihosting_swi                 0x00000000   Number         0  useno.o ABSOLUTE
    __use_no_signal_handling                 0x00000000   Number         0  useno.o ABSOLUTE
    _printf_a                                0x00000000   Number         0  stubs.o ABSOLUTE
    _printf_c                                0x00000000   Number         0  stubs.o ABSOLUTE
    _printf_charcount                        0x00000000   Number         0  stubs.o ABSOLUTE
    _printf_d                                0x00000000   Number         0  stubs.o ABSOLUTE
    _printf_e                                0x00000000   Number         0  stubs.o ABSOLUTE
    _printf_f                                0x00000000   Number         0  stubs.o ABSOLUTE
    _printf_flags                            0x00000000   Number         0  stubs.o ABSOLUTE
    _printf_fp_dec                           0x00000000   Number         0  stubs.o ABSOLUTE
    _printf_fp_hex                           0x00000000   Number         0  stubs.o ABSOLUTE
    _printf_g                                0x00000000   Number         0  stubs.o ABSOLUTE
    _printf_i                                0x00000000   Number         0  stubs.o ABSOLUTE
    _printf_int_dec                          0x00000000   Number         0  stubs.o ABSOLUTE
    _printf_l                                0x00000000   Number         0  stubs.o ABSOLUTE
    _printf_lc                               0x00000000   Number         0  stubs.o ABSOLUTE
    _printf_ll                               0x00000000   Number         0  stubs.o ABSOLUTE
    _printf_lld                              0x00000000   Number         0  stubs.o ABSOLUTE
    _printf_lli                              0x00000000   Number         0  stubs.o ABSOLUTE
    _printf_llo                              0x00000000   Number         0  stubs.o ABSOLUTE
    _printf_llu                              0x00000000   Number         0  stubs.o ABSOLUTE
    _printf_llx                              0x00000000   Number         0  stubs.o ABSOLUTE
    _printf_longlong_dec                     0x00000000   Number         0  stubs.o ABSOLUTE
    _printf_longlong_hex                     0x00000000   Number         0  stubs.o ABSOLUTE
    _printf_longlong_oct                     0x00000000   Number         0  stubs.o ABSOLUTE
    _printf_ls                               0x00000000   Number         0  stubs.o ABSOLUTE
    _printf_mbtowc                           0x00000000   Number         0  stubs.o ABSOLUTE
    _printf_n                                0x00000000   Number         0  stubs.o ABSOLUTE
    _printf_o                                0x00000000   Number         0  stubs.o ABSOLUTE
    _printf_p                                0x00000000   Number         0  stubs.o ABSOLUTE
    _printf_percent                          0x00000000   Number         0  stubs.o ABSOLUTE
    _printf_pre_padding                      0x00000000   Number         0  stubs.o ABSOLUTE
    _printf_return_value                     0x00000000   Number         0  stubs.o ABSOLUTE
    _printf_s                                0x00000000   Number         0  stubs.o ABSOLUTE
    _printf_sizespec                         0x00000000   Number         0  stubs.o ABSOLUTE
    _printf_str                              0x00000000   Number         0  stubs.o ABSOLUTE
    _printf_truncate_signed                  0x00000000   Number         0  stubs.o ABSOLUTE
    _printf_truncate_unsigned                0x00000000   Number         0  stubs.o ABSOLUTE
    _printf_u                                0x00000000   Number         0  stubs.o ABSOLUTE
    _printf_wc                               0x00000000   Number         0  stubs.o ABSOLUTE
    _printf_wctomb                           0x00000000   Number         0  stubs.o ABSOLUTE
    _printf_widthprec                        0x00000000   Number         0  stubs.o ABSOLUTE
    _printf_x                                0x00000000   Number         0  stubs.o ABSOLUTE
    __cpp_initialize__aeabi_                  - Undefined Weak Reference
    __cxa_finalize                            - Undefined Weak Reference
    _clock_init                               - Undefined Weak Reference
    _microlib_exit                            - Undefined Weak Reference
    __Vectors_Size                           0x00000130   Number         0  startup_stm32f10x_hd.o ABSOLUTE
    __Vectors                                0x08000000   Data           4  startup_stm32f10x_hd.o(RESET)
    __Vectors_End                            0x08000130   Data           0  startup_stm32f10x_hd.o(RESET)
    __main                                   0x08000131   Thumb Code     0  entry.o(.ARM.Collect$$$$00000000)
    _main_stk                                0x08000131   Thumb Code     0  entry2.o(.ARM.Collect$$$$00000001)
    _main_scatterload                        0x08000135   Thumb Code     0  entry5.o(.ARM.Collect$$$$00000004)
    __main_after_scatterload                 0x08000139   Thumb Code     0  entry5.o(.ARM.Collect$$$$00000004)
    _main_clock                              0x08000139   Thumb Code     0  entry7b.o(.ARM.Collect$$$$00000008)
    _main_cpp_init                           0x08000139   Thumb Code     0  entry8b.o(.ARM.Collect$$$$0000000A)
    _main_init                               0x08000139   Thumb Code     0  entry9a.o(.ARM.Collect$$$$0000000B)
    __rt_final_cpp                           0x08000141   Thumb Code     0  entry10a.o(.ARM.Collect$$$$0000000D)
    __rt_final_exit                          0x08000141   Thumb Code     0  entry11a.o(.ARM.Collect$$$$0000000F)
    main                                     0x08000145   Thumb Code   192  main.o(.text)
    NMI_Handler                              0x08000215   Thumb Code     2  stm32f10x_it.o(.text)
    HardFault_Handler                        0x08000217   Thumb Code     4  stm32f10x_it.o(.text)
    MemManage_Handler                        0x0800021b   Thumb Code     4  stm32f10x_it.o(.text)
    BusFault_Handler                         0x0800021f   Thumb Code     4  stm32f10x_it.o(.text)
    UsageFault_Handler                       0x08000223   Thumb Code     4  stm32f10x_it.o(.text)
    SVC_Handler                              0x08000227   Thumb Code     2  stm32f10x_it.o(.text)
    DebugMon_Handler                         0x08000229   Thumb Code     2  stm32f10x_it.o(.text)
    PendSV_Handler                           0x0800022b   Thumb Code     2  stm32f10x_it.o(.text)
    SysTick_Handler                          0x0800022d   Thumb Code     2  stm32f10x_it.o(.text)
    SystemInit                               0x0800030f   Thumb Code    78  system_stm32f10x.o(.text)
    SystemCoreClockUpdate                    0x0800035d   Thumb Code   142  system_stm32f10x.o(.text)
    LED_Init                                 0x08000411   Thumb Code    50  led.o(.text)
    keyValueInit                             0x08000449   Thumb Code   220  key.o(.text)
    EXTI0_IRQHandler                         0x08000525   Thumb Code   112  key.o(.text)
    EXTI4_IRQHandler                         0x08000595   Thumb Code   242  key.o(.text)
    KEY_Init                                 0x08000687   Thumb Code    42  key.o(.text)
    KEY_Scan                                 0x080006b1   Thumb Code   154  key.o(.text)
    KEY_Read                                 0x0800074b   Thumb Code    40  key.o(.text)
    CMT211xA_PORT_Init                       0x08000791   Thumb Code    46  cmt211xa.o(.text)
    SetTDAT                                  0x080007bf   Thumb Code     8  cmt211xa.o(.text)
    ClrTDAT                                  0x080007c7   Thumb Code     8  cmt211xa.o(.text)
    CMT211xA_vDelayUs                        0x080007cf   Thumb Code    12  cmt211xa.o(.text)
    CMT211xA_vDelay416Us_test                0x080007db   Thumb Code    28  cmt211xa.o(.text)
    set_pwm_flag                             0x080007f7   Thumb Code     6  cmt211xa.o(.text)
    CMT211xA_TxPacket                        0x080007fd   Thumb Code   304  cmt211xa.o(.text)
    CMT211xA_Encode                          0x0800092d   Thumb Code   532  cmt211xa.o(.text)
    MOTOR_OUT_Init                           0x08000b41   Thumb Code    46  cmt211xa.o(.text)
    MOTOR_OUT_ON                             0x08000b6f   Thumb Code    10  cmt211xa.o(.text)
    MOTOR_OUT_OFF                            0x08000b79   Thumb Code    10  cmt211xa.o(.text)
    MOTOR_OUT_Toggle                         0x08000b83   Thumb Code    54  cmt211xa.o(.text)
    MOTOR_IN_Init                            0x08000bb9   Thumb Code    40  cmt211xa.o(.text)
    MOTOR_IN_Check                           0x08000be1   Thumb Code    36  cmt211xa.o(.text)
    DC280V_Control_Init                      0x08000c05   Thumb Code    46  cmt211xa.o(.text)
    DC280V_Control_ON                        0x08000c33   Thumb Code    12  cmt211xa.o(.text)
    DC280V_Control_OFF                       0x08000c3f   Thumb Code    12  cmt211xa.o(.text)
    CMT211xA_tx_test                         0x08000c4b   Thumb Code   124  cmt211xa.o(.text)
    control_work                             0x08000cc7   Thumb Code   162  cmt211xa.o(.text)
    TIM1_PWM_Init                            0x08000dd5   Thumb Code   160  pwm.o(.text)
    TIM1_SET_PWM                             0x08000e75   Thumb Code    50  pwm.o(.text)
    TIM1_SET_test                            0x08000ea7   Thumb Code   204  pwm.o(.text)
    TIM1_SET_on_off                          0x08000f73   Thumb Code    20  pwm.o(.text)
    Adc_Init                                 0x08000fa1   Thumb Code   132  adc.o(.text)
    Get_Adc                                  0x08001025   Thumb Code    46  adc.o(.text)
    Get_Adc_Average                          0x08001053   Thumb Code    46  adc.o(.text)
    adc_test                                 0x08001081   Thumb Code    94  adc.o(.text)
    halWait                                  0x0800112d   Thumb Code    42  cc110x.o(.text)
    SpiInit                                  0x08001157   Thumb Code   126  cc110x.o(.text)
    SpiTxRxByte                              0x080011d5   Thumb Code   102  cc110x.o(.text)
    RESET_CC1100                             0x0800123b   Thumb Code    54  cc110x.o(.text)
    POWER_UP_RESET_CC1100                    0x08001271   Thumb Code    50  cc110x.o(.text)
    halSpiWriteReg                           0x080012a3   Thumb Code    50  cc110x.o(.text)
    halSpiWriteBurstReg                      0x080012d5   Thumb Code    72  cc110x.o(.text)
    halSpiStrobe                             0x0800131d   Thumb Code    42  cc110x.o(.text)
    halSpiReadReg                            0x08001347   Thumb Code    56  cc110x.o(.text)
    halSpiReadBurstReg                       0x0800137f   Thumb Code    74  cc110x.o(.text)
    halSpiReadStatus                         0x080013c9   Thumb Code    56  cc110x.o(.text)
    halRfWriteRfSettings                     0x08001401   Thumb Code   376  cc110x.o(.text)
    halRfSendPacket                          0x08001579   Thumb Code    66  cc110x.o(.text)
    setRxMode                                0x080015bb   Thumb Code    10  cc110x.o(.text)
    halRfReceivePacket                       0x080015c5   Thumb Code   136  cc110x.o(.text)
    cc110x_module_entery                     0x0800164d   Thumb Code    32  cc110x.o(.text)
    CC110x_test                              0x0800166d   Thumb Code   152  cc110x.o(.text)
    delay_init                               0x08001759   Thumb Code    50  delay.o(.text)
    delay_us                                 0x0800178b   Thumb Code    72  delay.o(.text)
    delay_ms                                 0x080017d3   Thumb Code    72  delay.o(.text)
    systick_delay                            0x0800181b   Thumb Code    26  delay.o(.text)
    get_systick                              0x08001835   Thumb Code     8  delay.o(.text)
    _sys_exit                                0x08001851   Thumb Code     6  usart.o(.text)
    fputc                                    0x08001857   Thumb Code    24  usart.o(.text)
    GetCrc                                   0x0800186f   Thumb Code    58  usart.o(.text)
    init_rgb                                 0x080018a9   Thumb Code   130  usart.o(.text)
    handle_data_uart                         0x08001a63   Thumb Code   274  usart.o(.text)
    uart2_read                               0x08001b75   Thumb Code    18  usart.o(.text)
    uart3_read                               0x08001b87   Thumb Code    18  usart.o(.text)
    uart4_read                               0x08001b99   Thumb Code    18  usart.o(.text)
    uart5_read                               0x08001bab   Thumb Code    18  usart.o(.text)
    usart_pro                                0x08001bbd   Thumb Code   450  usart.o(.text)
    usart1_read                              0x08001d7f   Thumb Code    18  usart.o(.text)
    usart1_write                             0x08001d91   Thumb Code    34  usart.o(.text)
    uart1_init                               0x08001db3   Thumb Code   164  usart.o(.text)
    USART1_IRQHandler                        0x08001e57   Thumb Code     8  usart.o(.text)
    uart2_init                               0x08001e5f   Thumb Code   156  usart.o(.text)
    USART2_IRQHandler                        0x08001efb   Thumb Code     8  usart.o(.text)
    uart3_init                               0x08001f03   Thumb Code   160  usart.o(.text)
    USART3_IRQHandler                        0x08001fa3   Thumb Code     8  usart.o(.text)
    uart4_init                               0x08001fab   Thumb Code   160  usart.o(.text)
    UART4_IRQHandler                         0x0800204b   Thumb Code     8  usart.o(.text)
    uart5_init                               0x08002053   Thumb Code   224  usart.o(.text)
    UART5_IRQHandler                         0x08002133   Thumb Code     8  usart.o(.text)
    all_uart_init                            0x0800213b   Thumb Code    40  usart.o(.text)
    usmart_sys_cmd_exe                       0x08002169   Thumb Code  1554  usmart.o(.text)
    usmart_reset_runtime                     0x0800277b   Thumb Code    38  usmart.o(.text)
    usmart_get_runtime                       0x080027a1   Thumb Code    56  usmart.o(.text)
    TIM4_IRQHandler                          0x080027d9   Thumb Code    50  usmart.o(.text)
    Timer4_Init                              0x0800280b   Thumb Code    94  usmart.o(.text)
    usmart_init                              0x08002869   Thumb Code    36  usmart.o(.text)
    usmart_cmd_rec                           0x0800288d   Thumb Code   170  usmart.o(.text)
    usmart_exe                               0x08002937   Thumb Code   872  usmart.o(.text)
    usmart_scan                              0x08002c9f   Thumb Code   120  usmart.o(.text)
    read_addr                                0x08002d17   Thumb Code     6  usmart.o(.text)
    write_addr                               0x08002d1d   Thumb Code     4  usmart.o(.text)
    usmart_strcmp                            0x08002da9   Thumb Code    34  usmart_str.o(.text)
    usmart_strcopy                           0x08002dcb   Thumb Code    22  usmart_str.o(.text)
    usmart_strlen                            0x08002de1   Thumb Code    24  usmart_str.o(.text)
    usmart_pow                               0x08002df9   Thumb Code    22  usmart_str.o(.text)
    usmart_str2num                           0x08002e0f   Thumb Code   202  usmart_str.o(.text)
    usmart_get_cmdname                       0x08002ed9   Thumb Code    54  usmart_str.o(.text)
    usmart_search_nextc                      0x08002f0f   Thumb Code    22  usmart_str.o(.text)
    usmart_get_fname                         0x08002f25   Thumb Code   440  usmart_str.o(.text)
    usmart_get_aparm                         0x080030dd   Thumb Code   200  usmart_str.o(.text)
    usmart_get_parmpos                       0x080031a5   Thumb Code    26  usmart_str.o(.text)
    usmart_get_fparam                        0x080031bf   Thumb Code   262  usmart_str.o(.text)
    Reset_Handler                            0x080032d1   Thumb Code     8  startup_stm32f10x_hd.o(.text)
    ADC1_2_IRQHandler                        0x080032eb   Thumb Code     0  startup_stm32f10x_hd.o(.text)
    ADC3_IRQHandler                          0x080032eb   Thumb Code     0  startup_stm32f10x_hd.o(.text)
    CAN1_RX1_IRQHandler                      0x080032eb   Thumb Code     0  startup_stm32f10x_hd.o(.text)
    CAN1_SCE_IRQHandler                      0x080032eb   Thumb Code     0  startup_stm32f10x_hd.o(.text)
    DMA1_Channel1_IRQHandler                 0x080032eb   Thumb Code     0  startup_stm32f10x_hd.o(.text)
    DMA1_Channel2_IRQHandler                 0x080032eb   Thumb Code     0  startup_stm32f10x_hd.o(.text)
    DMA1_Channel3_IRQHandler                 0x080032eb   Thumb Code     0  startup_stm32f10x_hd.o(.text)
    DMA1_Channel4_IRQHandler                 0x080032eb   Thumb Code     0  startup_stm32f10x_hd.o(.text)
    DMA1_Channel5_IRQHandler                 0x080032eb   Thumb Code     0  startup_stm32f10x_hd.o(.text)
    DMA1_Channel6_IRQHandler                 0x080032eb   Thumb Code     0  startup_stm32f10x_hd.o(.text)
    DMA1_Channel7_IRQHandler                 0x080032eb   Thumb Code     0  startup_stm32f10x_hd.o(.text)
    DMA2_Channel1_IRQHandler                 0x080032eb   Thumb Code     0  startup_stm32f10x_hd.o(.text)
    DMA2_Channel2_IRQHandler                 0x080032eb   Thumb Code     0  startup_stm32f10x_hd.o(.text)
    DMA2_Channel3_IRQHandler                 0x080032eb   Thumb Code     0  startup_stm32f10x_hd.o(.text)
    DMA2_Channel4_5_IRQHandler               0x080032eb   Thumb Code     0  startup_stm32f10x_hd.o(.text)
    EXTI15_10_IRQHandler                     0x080032eb   Thumb Code     0  startup_stm32f10x_hd.o(.text)
    EXTI1_IRQHandler                         0x080032eb   Thumb Code     0  startup_stm32f10x_hd.o(.text)
    EXTI2_IRQHandler                         0x080032eb   Thumb Code     0  startup_stm32f10x_hd.o(.text)
    EXTI3_IRQHandler                         0x080032eb   Thumb Code     0  startup_stm32f10x_hd.o(.text)
    EXTI9_5_IRQHandler                       0x080032eb   Thumb Code     0  startup_stm32f10x_hd.o(.text)
    FLASH_IRQHandler                         0x080032eb   Thumb Code     0  startup_stm32f10x_hd.o(.text)
    FSMC_IRQHandler                          0x080032eb   Thumb Code     0  startup_stm32f10x_hd.o(.text)
    I2C1_ER_IRQHandler                       0x080032eb   Thumb Code     0  startup_stm32f10x_hd.o(.text)
    I2C1_EV_IRQHandler                       0x080032eb   Thumb Code     0  startup_stm32f10x_hd.o(.text)
    I2C2_ER_IRQHandler                       0x080032eb   Thumb Code     0  startup_stm32f10x_hd.o(.text)
    I2C2_EV_IRQHandler                       0x080032eb   Thumb Code     0  startup_stm32f10x_hd.o(.text)
    PVD_IRQHandler                           0x080032eb   Thumb Code     0  startup_stm32f10x_hd.o(.text)
    RCC_IRQHandler                           0x080032eb   Thumb Code     0  startup_stm32f10x_hd.o(.text)
    RTCAlarm_IRQHandler                      0x080032eb   Thumb Code     0  startup_stm32f10x_hd.o(.text)
    RTC_IRQHandler                           0x080032eb   Thumb Code     0  startup_stm32f10x_hd.o(.text)
    SDIO_IRQHandler                          0x080032eb   Thumb Code     0  startup_stm32f10x_hd.o(.text)
    SPI1_IRQHandler                          0x080032eb   Thumb Code     0  startup_stm32f10x_hd.o(.text)
    SPI2_IRQHandler                          0x080032eb   Thumb Code     0  startup_stm32f10x_hd.o(.text)
    SPI3_IRQHandler                          0x080032eb   Thumb Code     0  startup_stm32f10x_hd.o(.text)
    TAMPER_IRQHandler                        0x080032eb   Thumb Code     0  startup_stm32f10x_hd.o(.text)
    TIM1_BRK_IRQHandler                      0x080032eb   Thumb Code     0  startup_stm32f10x_hd.o(.text)
    TIM1_CC_IRQHandler                       0x080032eb   Thumb Code     0  startup_stm32f10x_hd.o(.text)
    TIM1_TRG_COM_IRQHandler                  0x080032eb   Thumb Code     0  startup_stm32f10x_hd.o(.text)
    TIM1_UP_IRQHandler                       0x080032eb   Thumb Code     0  startup_stm32f10x_hd.o(.text)
    TIM2_IRQHandler                          0x080032eb   Thumb Code     0  startup_stm32f10x_hd.o(.text)
    TIM3_IRQHandler                          0x080032eb   Thumb Code     0  startup_stm32f10x_hd.o(.text)
    TIM5_IRQHandler                          0x080032eb   Thumb Code     0  startup_stm32f10x_hd.o(.text)
    TIM6_IRQHandler                          0x080032eb   Thumb Code     0  startup_stm32f10x_hd.o(.text)
    TIM7_IRQHandler                          0x080032eb   Thumb Code     0  startup_stm32f10x_hd.o(.text)
    TIM8_BRK_IRQHandler                      0x080032eb   Thumb Code     0  startup_stm32f10x_hd.o(.text)
    TIM8_CC_IRQHandler                       0x080032eb   Thumb Code     0  startup_stm32f10x_hd.o(.text)
    TIM8_TRG_COM_IRQHandler                  0x080032eb   Thumb Code     0  startup_stm32f10x_hd.o(.text)
    TIM8_UP_IRQHandler                       0x080032eb   Thumb Code     0  startup_stm32f10x_hd.o(.text)
    USBWakeUp_IRQHandler                     0x080032eb   Thumb Code     0  startup_stm32f10x_hd.o(.text)
    USB_HP_CAN1_TX_IRQHandler                0x080032eb   Thumb Code     0  startup_stm32f10x_hd.o(.text)
    USB_LP_CAN1_RX0_IRQHandler               0x080032eb   Thumb Code     0  startup_stm32f10x_hd.o(.text)
    WWDG_IRQHandler                          0x080032eb   Thumb Code     0  startup_stm32f10x_hd.o(.text)
    GPIO_DeInit                              0x080032f5   Thumb Code   172  stm32f10x_gpio.o(.text)
    GPIO_AFIODeInit                          0x080033a1   Thumb Code    20  stm32f10x_gpio.o(.text)
    GPIO_Init                                0x080033b5   Thumb Code   278  stm32f10x_gpio.o(.text)
    GPIO_StructInit                          0x080034cb   Thumb Code    16  stm32f10x_gpio.o(.text)
    GPIO_ReadInputDataBit                    0x080034db   Thumb Code    18  stm32f10x_gpio.o(.text)
    GPIO_ReadInputData                       0x080034ed   Thumb Code     8  stm32f10x_gpio.o(.text)
    GPIO_ReadOutputDataBit                   0x080034f5   Thumb Code    18  stm32f10x_gpio.o(.text)
    GPIO_ReadOutputData                      0x08003507   Thumb Code     8  stm32f10x_gpio.o(.text)
    GPIO_SetBits                             0x0800350f   Thumb Code     4  stm32f10x_gpio.o(.text)
    GPIO_ResetBits                           0x08003513   Thumb Code     4  stm32f10x_gpio.o(.text)
    GPIO_WriteBit                            0x08003517   Thumb Code    10  stm32f10x_gpio.o(.text)
    GPIO_Write                               0x08003521   Thumb Code     4  stm32f10x_gpio.o(.text)
    GPIO_PinLockConfig                       0x08003525   Thumb Code    18  stm32f10x_gpio.o(.text)
    GPIO_EventOutputConfig                   0x08003537   Thumb Code    26  stm32f10x_gpio.o(.text)
    GPIO_EventOutputCmd                      0x08003551   Thumb Code     6  stm32f10x_gpio.o(.text)
    GPIO_PinRemapConfig                      0x08003557   Thumb Code   138  stm32f10x_gpio.o(.text)
    GPIO_EXTILineConfig                      0x080035e1   Thumb Code    66  stm32f10x_gpio.o(.text)
    GPIO_ETH_MediaInterfaceConfig            0x08003623   Thumb Code     8  stm32f10x_gpio.o(.text)
    RCC_DeInit                               0x08003651   Thumb Code    64  stm32f10x_rcc.o(.text)
    RCC_HSEConfig                            0x08003691   Thumb Code    70  stm32f10x_rcc.o(.text)
    RCC_GetFlagStatus                        0x080036d7   Thumb Code    56  stm32f10x_rcc.o(.text)
    RCC_WaitForHSEStartUp                    0x0800370f   Thumb Code    56  stm32f10x_rcc.o(.text)
    RCC_AdjustHSICalibrationValue            0x08003747   Thumb Code    20  stm32f10x_rcc.o(.text)
    RCC_HSICmd                               0x0800375b   Thumb Code     6  stm32f10x_rcc.o(.text)
    RCC_PLLConfig                            0x08003761   Thumb Code    24  stm32f10x_rcc.o(.text)
    RCC_PLLCmd                               0x08003779   Thumb Code     6  stm32f10x_rcc.o(.text)
    RCC_SYSCLKConfig                         0x0800377f   Thumb Code    18  stm32f10x_rcc.o(.text)
    RCC_GetSYSCLKSource                      0x08003791   Thumb Code    10  stm32f10x_rcc.o(.text)
    RCC_HCLKConfig                           0x0800379b   Thumb Code    18  stm32f10x_rcc.o(.text)
    RCC_PCLK1Config                          0x080037ad   Thumb Code    18  stm32f10x_rcc.o(.text)
    RCC_PCLK2Config                          0x080037bf   Thumb Code    20  stm32f10x_rcc.o(.text)
    RCC_ITConfig                             0x080037d3   Thumb Code    26  stm32f10x_rcc.o(.text)
    RCC_USBCLKConfig                         0x080037ed   Thumb Code     8  stm32f10x_rcc.o(.text)
    RCC_ADCCLKConfig                         0x080037f5   Thumb Code    18  stm32f10x_rcc.o(.text)
    RCC_LSEConfig                            0x08003807   Thumb Code    50  stm32f10x_rcc.o(.text)
    RCC_LSICmd                               0x08003839   Thumb Code     6  stm32f10x_rcc.o(.text)
    RCC_RTCCLKConfig                         0x0800383f   Thumb Code    12  stm32f10x_rcc.o(.text)
    RCC_RTCCLKCmd                            0x0800384b   Thumb Code     8  stm32f10x_rcc.o(.text)
    RCC_GetClocksFreq                        0x08003853   Thumb Code   192  stm32f10x_rcc.o(.text)
    RCC_AHBPeriphClockCmd                    0x08003913   Thumb Code    26  stm32f10x_rcc.o(.text)
    RCC_APB2PeriphClockCmd                   0x0800392d   Thumb Code    26  stm32f10x_rcc.o(.text)
    RCC_APB1PeriphClockCmd                   0x08003947   Thumb Code    26  stm32f10x_rcc.o(.text)
    RCC_APB2PeriphResetCmd                   0x08003961   Thumb Code    26  stm32f10x_rcc.o(.text)
    RCC_APB1PeriphResetCmd                   0x0800397b   Thumb Code    26  stm32f10x_rcc.o(.text)
    RCC_BackupResetCmd                       0x08003995   Thumb Code     8  stm32f10x_rcc.o(.text)
    RCC_ClockSecuritySystemCmd               0x0800399d   Thumb Code     6  stm32f10x_rcc.o(.text)
    RCC_MCOConfig                            0x080039a3   Thumb Code     6  stm32f10x_rcc.o(.text)
    RCC_ClearFlag                            0x080039a9   Thumb Code    14  stm32f10x_rcc.o(.text)
    RCC_GetITStatus                          0x080039b7   Thumb Code    20  stm32f10x_rcc.o(.text)
    RCC_ClearITPendingBit                    0x080039cb   Thumb Code     6  stm32f10x_rcc.o(.text)
    USART_DeInit                             0x080039f5   Thumb Code   134  stm32f10x_usart.o(.text)
    USART_Init                               0x08003a7b   Thumb Code   210  stm32f10x_usart.o(.text)
    USART_StructInit                         0x08003b4d   Thumb Code    24  stm32f10x_usart.o(.text)
    USART_ClockInit                          0x08003b65   Thumb Code    34  stm32f10x_usart.o(.text)
    USART_ClockStructInit                    0x08003b87   Thumb Code    12  stm32f10x_usart.o(.text)
    USART_Cmd                                0x08003b93   Thumb Code    24  stm32f10x_usart.o(.text)
    USART_ITConfig                           0x08003bab   Thumb Code    74  stm32f10x_usart.o(.text)
    USART_DMACmd                             0x08003bf5   Thumb Code    18  stm32f10x_usart.o(.text)
    USART_SetAddress                         0x08003c07   Thumb Code    18  stm32f10x_usart.o(.text)
    USART_WakeUpConfig                       0x08003c19   Thumb Code    18  stm32f10x_usart.o(.text)
    USART_ReceiverWakeUpCmd                  0x08003c2b   Thumb Code    24  stm32f10x_usart.o(.text)
    USART_LINBreakDetectLengthConfig         0x08003c43   Thumb Code    18  stm32f10x_usart.o(.text)
    USART_LINCmd                             0x08003c55   Thumb Code    24  stm32f10x_usart.o(.text)
    USART_SendData                           0x08003c6d   Thumb Code     8  stm32f10x_usart.o(.text)
    USART_ReceiveData                        0x08003c75   Thumb Code    10  stm32f10x_usart.o(.text)
    USART_SendBreak                          0x08003c7f   Thumb Code    10  stm32f10x_usart.o(.text)
    USART_SetGuardTime                       0x08003c89   Thumb Code    16  stm32f10x_usart.o(.text)
    USART_SetPrescaler                       0x08003c99   Thumb Code    16  stm32f10x_usart.o(.text)
    USART_SmartCardCmd                       0x08003ca9   Thumb Code    24  stm32f10x_usart.o(.text)
    USART_SmartCardNACKCmd                   0x08003cc1   Thumb Code    24  stm32f10x_usart.o(.text)
    USART_HalfDuplexCmd                      0x08003cd9   Thumb Code    24  stm32f10x_usart.o(.text)
    USART_OverSampling8Cmd                   0x08003cf1   Thumb Code    22  stm32f10x_usart.o(.text)
    USART_OneBitMethodCmd                    0x08003d07   Thumb Code    24  stm32f10x_usart.o(.text)
    USART_IrDAConfig                         0x08003d1f   Thumb Code    18  stm32f10x_usart.o(.text)
    USART_IrDACmd                            0x08003d31   Thumb Code    24  stm32f10x_usart.o(.text)
    USART_GetFlagStatus                      0x08003d49   Thumb Code    26  stm32f10x_usart.o(.text)
    USART_ClearFlag                          0x08003d63   Thumb Code    18  stm32f10x_usart.o(.text)
    USART_GetITStatus                        0x08003d75   Thumb Code    84  stm32f10x_usart.o(.text)
    USART_ClearITPendingBit                  0x08003dc9   Thumb Code    52  stm32f10x_usart.o(.text)
    NVIC_PriorityGroupConfig                 0x08003dfd   Thumb Code    10  misc.o(.text)
    NVIC_Init                                0x08003e07   Thumb Code   100  misc.o(.text)
    NVIC_SetVectorTable                      0x08003e6b   Thumb Code    14  misc.o(.text)
    NVIC_SystemLPConfig                      0x08003e79   Thumb Code    34  misc.o(.text)
    SysTick_CLKSourceConfig                  0x08003e9b   Thumb Code    40  misc.o(.text)
    TIM_DeInit                               0x08003ed9   Thumb Code   424  stm32f10x_tim.o(.text)
    TIM_TimeBaseInit                         0x08004081   Thumb Code   122  stm32f10x_tim.o(.text)
    TIM_OC1Init                              0x080040fb   Thumb Code   132  stm32f10x_tim.o(.text)
    TIM_OC2Init                              0x0800417f   Thumb Code   154  stm32f10x_tim.o(.text)
    TIM_OC3Init                              0x08004219   Thumb Code   150  stm32f10x_tim.o(.text)
    TIM_OC4Init                              0x080042af   Thumb Code   182  stm32f10x_tim.o(.text)
    TIM_SetIC4Prescaler                      0x08004365   Thumb Code    26  stm32f10x_tim.o(.text)
    TIM_SetIC3Prescaler                      0x08004401   Thumb Code    18  stm32f10x_tim.o(.text)
    TIM_SetIC2Prescaler                      0x0800448d   Thumb Code    26  stm32f10x_tim.o(.text)
    TIM_SetIC1Prescaler                      0x08004529   Thumb Code    18  stm32f10x_tim.o(.text)
    TIM_ICInit                               0x080045a7   Thumb Code   150  stm32f10x_tim.o(.text)
    TIM_PWMIConfig                           0x0800463d   Thumb Code   124  stm32f10x_tim.o(.text)
    TIM_BDTRConfig                           0x080046b9   Thumb Code    32  stm32f10x_tim.o(.text)
    TIM_TimeBaseStructInit                   0x080046d9   Thumb Code    18  stm32f10x_tim.o(.text)
    TIM_OCStructInit                         0x080046eb   Thumb Code    20  stm32f10x_tim.o(.text)
    TIM_ICStructInit                         0x080046ff   Thumb Code    18  stm32f10x_tim.o(.text)
    TIM_BDTRStructInit                       0x08004711   Thumb Code    40  stm32f10x_tim.o(.text)
    TIM_Cmd                                  0x08004739   Thumb Code    24  stm32f10x_tim.o(.text)
    TIM_CtrlPWMOutputs                       0x08004751   Thumb Code    30  stm32f10x_tim.o(.text)
    TIM_ITConfig                             0x0800476f   Thumb Code    18  stm32f10x_tim.o(.text)
    TIM_GenerateEvent                        0x08004781   Thumb Code     4  stm32f10x_tim.o(.text)
    TIM_DMAConfig                            0x08004785   Thumb Code    10  stm32f10x_tim.o(.text)
    TIM_DMACmd                               0x0800478f   Thumb Code    18  stm32f10x_tim.o(.text)
    TIM_InternalClockConfig                  0x080047a1   Thumb Code    12  stm32f10x_tim.o(.text)
    TIM_SelectInputTrigger                   0x080047ad   Thumb Code    18  stm32f10x_tim.o(.text)
    TIM_ITRxExternalClockConfig              0x080047bf   Thumb Code    24  stm32f10x_tim.o(.text)
    TIM_TIxExternalClockConfig               0x080047d7   Thumb Code    62  stm32f10x_tim.o(.text)
    TIM_ETRConfig                            0x08004815   Thumb Code    28  stm32f10x_tim.o(.text)
    TIM_ETRClockMode1Config                  0x08004831   Thumb Code    54  stm32f10x_tim.o(.text)
    TIM_ETRClockMode2Config                  0x08004867   Thumb Code    32  stm32f10x_tim.o(.text)
    TIM_PrescalerConfig                      0x08004887   Thumb Code     6  stm32f10x_tim.o(.text)
    TIM_CounterModeConfig                    0x0800488d   Thumb Code    18  stm32f10x_tim.o(.text)
    TIM_EncoderInterfaceConfig               0x0800489f   Thumb Code    66  stm32f10x_tim.o(.text)
    TIM_ForcedOC1Config                      0x080048e1   Thumb Code    18  stm32f10x_tim.o(.text)
    TIM_ForcedOC2Config                      0x080048f3   Thumb Code    26  stm32f10x_tim.o(.text)
    TIM_ForcedOC3Config                      0x0800490d   Thumb Code    18  stm32f10x_tim.o(.text)
    TIM_ForcedOC4Config                      0x0800491f   Thumb Code    26  stm32f10x_tim.o(.text)
    TIM_ARRPreloadConfig                     0x08004939   Thumb Code    24  stm32f10x_tim.o(.text)
    TIM_SelectCOM                            0x08004951   Thumb Code    24  stm32f10x_tim.o(.text)
    TIM_SelectCCDMA                          0x08004969   Thumb Code    24  stm32f10x_tim.o(.text)
    TIM_CCPreloadControl                     0x08004981   Thumb Code    24  stm32f10x_tim.o(.text)
    TIM_OC1PreloadConfig                     0x08004999   Thumb Code    18  stm32f10x_tim.o(.text)
    TIM_OC2PreloadConfig                     0x080049ab   Thumb Code    26  stm32f10x_tim.o(.text)
    TIM_OC3PreloadConfig                     0x080049c5   Thumb Code    18  stm32f10x_tim.o(.text)
    TIM_OC4PreloadConfig                     0x080049d7   Thumb Code    26  stm32f10x_tim.o(.text)
    TIM_OC1FastConfig                        0x080049f1   Thumb Code    18  stm32f10x_tim.o(.text)
    TIM_OC2FastConfig                        0x08004a03   Thumb Code    26  stm32f10x_tim.o(.text)
    TIM_OC3FastConfig                        0x08004a1d   Thumb Code    18  stm32f10x_tim.o(.text)
    TIM_OC4FastConfig                        0x08004a2f   Thumb Code    26  stm32f10x_tim.o(.text)
    TIM_ClearOC1Ref                          0x08004a49   Thumb Code    18  stm32f10x_tim.o(.text)
    TIM_ClearOC2Ref                          0x08004a5b   Thumb Code    24  stm32f10x_tim.o(.text)
    TIM_ClearOC3Ref                          0x08004a73   Thumb Code    18  stm32f10x_tim.o(.text)
    TIM_ClearOC4Ref                          0x08004a85   Thumb Code    24  stm32f10x_tim.o(.text)
    TIM_OC1PolarityConfig                    0x08004a9d   Thumb Code    18  stm32f10x_tim.o(.text)
    TIM_OC1NPolarityConfig                   0x08004aaf   Thumb Code    18  stm32f10x_tim.o(.text)
    TIM_OC2PolarityConfig                    0x08004ac1   Thumb Code    26  stm32f10x_tim.o(.text)
    TIM_OC2NPolarityConfig                   0x08004adb   Thumb Code    26  stm32f10x_tim.o(.text)
    TIM_OC3PolarityConfig                    0x08004af5   Thumb Code    26  stm32f10x_tim.o(.text)
    TIM_OC3NPolarityConfig                   0x08004b0f   Thumb Code    26  stm32f10x_tim.o(.text)
    TIM_OC4PolarityConfig                    0x08004b29   Thumb Code    26  stm32f10x_tim.o(.text)
    TIM_CCxCmd                               0x08004b43   Thumb Code    30  stm32f10x_tim.o(.text)
    TIM_CCxNCmd                              0x08004b61   Thumb Code    30  stm32f10x_tim.o(.text)
    TIM_SelectOCxM                           0x08004b7f   Thumb Code    82  stm32f10x_tim.o(.text)
    TIM_UpdateDisableConfig                  0x08004bd1   Thumb Code    24  stm32f10x_tim.o(.text)
    TIM_UpdateRequestConfig                  0x08004be9   Thumb Code    24  stm32f10x_tim.o(.text)
    TIM_SelectHallSensor                     0x08004c01   Thumb Code    24  stm32f10x_tim.o(.text)
    TIM_SelectOnePulseMode                   0x08004c19   Thumb Code    18  stm32f10x_tim.o(.text)
    TIM_SelectOutputTrigger                  0x08004c2b   Thumb Code    18  stm32f10x_tim.o(.text)
    TIM_SelectSlaveMode                      0x08004c3d   Thumb Code    18  stm32f10x_tim.o(.text)
    TIM_SelectMasterSlaveMode                0x08004c4f   Thumb Code    18  stm32f10x_tim.o(.text)
    TIM_SetCounter                           0x08004c61   Thumb Code     4  stm32f10x_tim.o(.text)
    TIM_SetAutoreload                        0x08004c65   Thumb Code     4  stm32f10x_tim.o(.text)
    TIM_SetCompare1                          0x08004c69   Thumb Code     4  stm32f10x_tim.o(.text)
    TIM_SetCompare2                          0x08004c6d   Thumb Code     4  stm32f10x_tim.o(.text)
    TIM_SetCompare3                          0x08004c71   Thumb Code     4  stm32f10x_tim.o(.text)
    TIM_SetCompare4                          0x08004c75   Thumb Code     6  stm32f10x_tim.o(.text)
    TIM_SetClockDivision                     0x08004c7b   Thumb Code    18  stm32f10x_tim.o(.text)
    TIM_GetCapture1                          0x08004c8d   Thumb Code     6  stm32f10x_tim.o(.text)
    TIM_GetCapture2                          0x08004c93   Thumb Code     6  stm32f10x_tim.o(.text)
    TIM_GetCapture3                          0x08004c99   Thumb Code     6  stm32f10x_tim.o(.text)
    TIM_GetCapture4                          0x08004c9f   Thumb Code     8  stm32f10x_tim.o(.text)
    TIM_GetCounter                           0x08004ca7   Thumb Code     6  stm32f10x_tim.o(.text)
    TIM_GetPrescaler                         0x08004cad   Thumb Code     6  stm32f10x_tim.o(.text)
    TIM_GetFlagStatus                        0x08004cb3   Thumb Code    18  stm32f10x_tim.o(.text)
    TIM_ClearFlag                            0x08004cc5   Thumb Code     6  stm32f10x_tim.o(.text)
    TIM_GetITStatus                          0x08004ccb   Thumb Code    34  stm32f10x_tim.o(.text)
    TIM_ClearITPendingBit                    0x08004ced   Thumb Code     6  stm32f10x_tim.o(.text)
    ADC_DeInit                               0x08004cf5   Thumb Code    78  stm32f10x_adc.o(.text)
    ADC_Init                                 0x08004d43   Thumb Code    70  stm32f10x_adc.o(.text)
    ADC_StructInit                           0x08004d89   Thumb Code    18  stm32f10x_adc.o(.text)
    ADC_Cmd                                  0x08004d9b   Thumb Code    22  stm32f10x_adc.o(.text)
    ADC_DMACmd                               0x08004db1   Thumb Code    22  stm32f10x_adc.o(.text)
    ADC_ITConfig                             0x08004dc7   Thumb Code    24  stm32f10x_adc.o(.text)
    ADC_ResetCalibration                     0x08004ddf   Thumb Code    10  stm32f10x_adc.o(.text)
    ADC_GetResetCalibrationStatus            0x08004de9   Thumb Code    20  stm32f10x_adc.o(.text)
    ADC_StartCalibration                     0x08004dfd   Thumb Code    10  stm32f10x_adc.o(.text)
    ADC_GetCalibrationStatus                 0x08004e07   Thumb Code    20  stm32f10x_adc.o(.text)
    ADC_SoftwareStartConvCmd                 0x08004e1b   Thumb Code    22  stm32f10x_adc.o(.text)
    ADC_GetSoftwareStartConvStatus           0x08004e31   Thumb Code    20  stm32f10x_adc.o(.text)
    ADC_DiscModeChannelCountConfig           0x08004e45   Thumb Code    24  stm32f10x_adc.o(.text)
    ADC_DiscModeCmd                          0x08004e5d   Thumb Code    22  stm32f10x_adc.o(.text)
    ADC_RegularChannelConfig                 0x08004e73   Thumb Code   184  stm32f10x_adc.o(.text)
    ADC_ExternalTrigConvCmd                  0x08004f2b   Thumb Code    22  stm32f10x_adc.o(.text)
    ADC_GetConversionValue                   0x08004f41   Thumb Code     8  stm32f10x_adc.o(.text)
    ADC_GetDualModeConversionValue           0x08004f49   Thumb Code     8  stm32f10x_adc.o(.text)
    ADC_AutoInjectedConvCmd                  0x08004f51   Thumb Code    22  stm32f10x_adc.o(.text)
    ADC_InjectedDiscModeCmd                  0x08004f67   Thumb Code    22  stm32f10x_adc.o(.text)
    ADC_ExternalTrigInjectedConvConfig       0x08004f7d   Thumb Code    16  stm32f10x_adc.o(.text)
    ADC_ExternalTrigInjectedConvCmd          0x08004f8d   Thumb Code    22  stm32f10x_adc.o(.text)
    ADC_SoftwareStartInjectedConvCmd         0x08004fa3   Thumb Code    22  stm32f10x_adc.o(.text)
    ADC_GetSoftwareStartInjectedConvCmdStatus 0x08004fb9   Thumb Code    20  stm32f10x_adc.o(.text)
    ADC_InjectedChannelConfig                0x08004fcd   Thumb Code   130  stm32f10x_adc.o(.text)
    ADC_InjectedSequencerLengthConfig        0x0800504f   Thumb Code    24  stm32f10x_adc.o(.text)
    ADC_SetInjectedOffset                    0x08005067   Thumb Code    20  stm32f10x_adc.o(.text)
    ADC_GetInjectedConversionValue           0x0800507b   Thumb Code    28  stm32f10x_adc.o(.text)
    ADC_AnalogWatchdogCmd                    0x08005097   Thumb Code    16  stm32f10x_adc.o(.text)
    ADC_AnalogWatchdogThresholdsConfig       0x080050a7   Thumb Code     6  stm32f10x_adc.o(.text)
    ADC_AnalogWatchdogSingleChannelConfig    0x080050ad   Thumb Code    16  stm32f10x_adc.o(.text)
    ADC_TempSensorVrefintCmd                 0x080050bd   Thumb Code    64  stm32f10x_adc.o(.text)
    ADC_GetFlagStatus                        0x080050fd   Thumb Code    18  stm32f10x_adc.o(.text)
    ADC_ClearFlag                            0x0800510f   Thumb Code     6  stm32f10x_adc.o(.text)
    ADC_GetITStatus                          0x08005115   Thumb Code    36  stm32f10x_adc.o(.text)
    ADC_ClearITPendingBit                    0x08005139   Thumb Code    10  stm32f10x_adc.o(.text)
    EXTI_DeInit                              0x08005145   Thumb Code    28  stm32f10x_exti.o(.text)
    EXTI_Init                                0x08005161   Thumb Code   142  stm32f10x_exti.o(.text)
    EXTI_StructInit                          0x080051ef   Thumb Code    16  stm32f10x_exti.o(.text)
    EXTI_GenerateSWInterrupt                 0x080051ff   Thumb Code    16  stm32f10x_exti.o(.text)
    EXTI_GetFlagStatus                       0x0800520f   Thumb Code    22  stm32f10x_exti.o(.text)
    EXTI_ClearFlag                           0x08005225   Thumb Code     8  stm32f10x_exti.o(.text)
    EXTI_GetITStatus                         0x0800522d   Thumb Code    34  stm32f10x_exti.o(.text)
    EXTI_ClearITPendingBit                   0x0800524f   Thumb Code     8  stm32f10x_exti.o(.text)
    PTLC_GetCrc                              0x08005293   Thumb Code    58  pro.o(.text)
    sendData_usart                           0x080052cd   Thumb Code   270  pro.o(.text)
    S1_TO_A83T                               0x080053db   Thumb Code    16  pro.o(.text)
    washFinshSendCmd                         0x08005997   Thumb Code    46  pro.o(.text)
    checkCard                                0x080059c5   Thumb Code   380  pro.o(.text)
    sendAllData                              0x08005b41   Thumb Code   614  pro.o(.text)
    A83T_TO_S1                               0x08005da7   Thumb Code    22  pro.o(.text)
    S1_Init                                  0x08005e3b   Thumb Code    16  pro.o(.text)
    clearDirData                             0x08006295   Thumb Code    52  pro.o(.text)
    S1_HARDWARE_Pro                          0x080062df   Thumb Code    30  pro.o(.text)
    S1_CTRL_PrO                              0x0800635b   Thumb Code   366  pro.o(.text)
    __aeabi_uldivmod                         0x08006585   Thumb Code    98  uldiv.o(.text)
    __aeabi_memcpy                           0x080065e7   Thumb Code    36  memcpya.o(.text)
    __aeabi_memcpy4                          0x080065e7   Thumb Code     0  memcpya.o(.text)
    __aeabi_memcpy8                          0x080065e7   Thumb Code     0  memcpya.o(.text)
    __aeabi_memset                           0x0800660b   Thumb Code    14  memseta.o(.text)
    __aeabi_memset4                          0x0800660b   Thumb Code     0  memseta.o(.text)
    __aeabi_memset8                          0x0800660b   Thumb Code     0  memseta.o(.text)
    __aeabi_memclr                           0x08006619   Thumb Code     4  memseta.o(.text)
    __aeabi_memclr4                          0x08006619   Thumb Code     0  memseta.o(.text)
    __aeabi_memclr8                          0x08006619   Thumb Code     0  memseta.o(.text)
    _memset$wrapper                          0x0800661d   Thumb Code    18  memseta.o(.text)
    __aeabi_dmul                             0x0800662f   Thumb Code   228  dmul.o(.text)
    __aeabi_ui2f                             0x08006713   Thumb Code    10  ffltui.o(.text)
    __aeabi_f2d                              0x0800671d   Thumb Code    38  f2d.o(.text)
    __aeabi_cdcmpeq                          0x08006745   Thumb Code     0  cdcmple.o(.text)
    __aeabi_cdcmple                          0x08006745   Thumb Code    48  cdcmple.o(.text)
    __aeabi_d2f                              0x08006775   Thumb Code    56  d2f.o(.text)
    __aeabi_uidiv                            0x080067ad   Thumb Code     0  uidiv.o(.text)
    __aeabi_uidivmod                         0x080067ad   Thumb Code    44  uidiv.o(.text)
    __aeabi_llsl                             0x080067d9   Thumb Code    30  llshl.o(.text)
    _ll_shift_l                              0x080067d9   Thumb Code     0  llshl.o(.text)
    __aeabi_llsr                             0x080067f7   Thumb Code    32  llushr.o(.text)
    _ll_ushift_r                             0x080067f7   Thumb Code     0  llushr.o(.text)
    __I$use$fp                               0x08006817   Thumb Code     0  iusefp.o(.text)
    _float_round                             0x08006817   Thumb Code    18  fepilogue.o(.text)
    _float_epilogue                          0x08006829   Thumb Code    92  fepilogue.o(.text)
    _double_round                            0x08006885   Thumb Code    30  depilogue.o(.text)
    _double_epilogue                         0x080068a3   Thumb Code   156  depilogue.o(.text)
    __aeabi_dadd                             0x0800693f   Thumb Code   322  dadd.o(.text)
    __aeabi_dsub                             0x08006a81   Thumb Code     6  dadd.o(.text)
    __aeabi_drsub                            0x08006a87   Thumb Code     6  dadd.o(.text)
    __aeabi_ddiv                             0x08006a8d   Thumb Code   222  ddiv.o(.text)
    __aeabi_d2ulz                            0x08006b6b   Thumb Code    48  dfixul.o(.text)
    __aeabi_cdrcmple                         0x08006b9d   Thumb Code    48  cdrcmple.o(.text)
    __scatterload                            0x08006bcd   Thumb Code    28  init.o(.text)
    __scatterload_rt2                        0x08006bcd   Thumb Code     0  init.o(.text)
    __aeabi_lasr                             0x08006bf1   Thumb Code    36  llsshr.o(.text)
    _ll_sshift_r                             0x08006bf1   Thumb Code     0  llsshr.o(.text)
    __decompress                             0x08006c15   Thumb Code     0  __dczerorl2.o(.text)
    __decompress1                            0x08006c15   Thumb Code    86  __dczerorl2.o(.text)
    __0printf                                0x08006c6d   Thumb Code    22  printfa.o(i.__0printf)
    __1printf                                0x08006c6d   Thumb Code     0  printfa.o(i.__0printf)
    __2printf                                0x08006c6d   Thumb Code     0  printfa.o(i.__0printf)
    __c89printf                              0x08006c6d   Thumb Code     0  printfa.o(i.__0printf)
    printf                                   0x08006c6d   Thumb Code     0  printfa.o(i.__0printf)
    __scatterload_copy                       0x08006c8d   Thumb Code    14  handlers.o(i.__scatterload_copy)
    __scatterload_null                       0x08006c9b   Thumb Code     2  handlers.o(i.__scatterload_null)
    __scatterload_zeroinit                   0x08006c9d   Thumb Code    14  handlers.o(i.__scatterload_zeroinit)
    get_buf_data_size                        0x0800757b   Thumb Code    20  ring_buffer.o(i.get_buf_data_size)
    get_buf_left_size                        0x0800758f   Thumb Code    28  ring_buffer.o(i.get_buf_left_size)
    init_ring_buf                            0x080075cb   Thumb Code    50  ring_buffer.o(i.init_ring_buf)
    pop_buf                                  0x080075fd   Thumb Code    68  ring_buffer.o(i.pop_buf)
    pop_buf_t                                0x08007641   Thumb Code   180  ring_buffer.o(i.pop_buf_t)
    push_buf                                 0x080076f5   Thumb Code    72  ring_buffer.o(i.push_buf)
    push_buf_t                               0x0800773d   Thumb Code   192  ring_buffer.o(i.push_buf_t)
    rfSettings                               0x080077fc   Data          35  cc110x.o(.constdata)
    Region$$Table$$Base                      0x080078c8   Number         0  anon$$obj.o(Region$$Table)
    Region$$Table$$Limit                     0x080078e8   Number         0  anon$$obj.o(Region$$Table)
    SystemCoreClock                          0x20000000   Data           4  system_stm32f10x.o(.data)
    AHBPrescTable                            0x20000004   Data          16  system_stm32f10x.o(.data)
    CMT211xA_SymbolTime                      0x20000018   Data           2  cmt211xa.o(.data)
    TxBufLength                              0x2000001a   Data           1  cmt211xa.o(.data)
    __stdout                                 0x20000048   Data           4  usart.o(.data)
    pctlStep                                 0x2000004c   Data           1  usart.o(.data)
    USART_RX_STA                             0x20000056   Data           2  usart.o(.data)
    USART2_RX_STA                            0x20000058   Data           2  usart.o(.data)
    USART3_RX_STA                            0x2000005a   Data           2  usart.o(.data)
    UART4_RX_STA                             0x2000005c   Data           2  usart.o(.data)
    UART5_RX_STA                             0x2000005e   Data           2  usart.o(.data)
    sys_cmd_tab                              0x20000068   Data          28  usmart.o(.data)
    usmart_nametab                           0x20000084   Data          32  usmart_config.o(.data)
    usmart_dev                               0x200000a4   Data         244  usmart_config.o(.data)
    stPwm                                    0x200001b8   Data          15  key.o(.bss)
    TxBuf                                    0x200001c7   Data          64  cmt211xa.o(.bss)
    uart1_send_rgb                           0x20001498   Data          16  usart.o(.bss)
    USART_RX_BUF                             0x20001a48   Data         200  usart.o(.bss)
    USART2_RX_BUF                            0x20001b10   Data         200  usart.o(.bss)
    USART3_RX_BUF                            0x20001bd8   Data         200  usart.o(.bss)
    UART4_RX_BUF                             0x20001ca0   Data         200  usart.o(.bss)
    UART5_RX_BUF                             0x20001d68   Data         200  usart.o(.bss)
    S1_pro                                   0x20002030   Data         748  pro.o(.bss)
    __initial_sp                             0x20002720   Data           0  startup_stm32f10x_hd.o(STACK)



==============================================================================

Memory Map of the image

  Image Entry point : 0x08000131

  Load Region LR_IROM1 (Base: 0x08000000, Size: 0x00007aa0, Max: 0x00040000, ABSOLUTE, COMPRESSED[0x00007970])

    Execution Region ER_IROM1 (Base: 0x08000000, Size: 0x000078e8, Max: 0x00040000, ABSOLUTE)

    Base Addr    Size         Type   Attr      Idx    E Section Name        Object

    0x08000000   0x00000130   Data   RO          449    RESET               startup_stm32f10x_hd.o
    0x08000130   0x00000000   Code   RO         1256  * .ARM.Collect$$$$00000000  mc_w.l(entry.o)
    0x08000130   0x00000004   Code   RO         1542    .ARM.Collect$$$$00000001  mc_w.l(entry2.o)
    0x08000134   0x00000004   Code   RO         1545    .ARM.Collect$$$$00000004  mc_w.l(entry5.o)
    0x08000138   0x00000000   Code   RO         1547    .ARM.Collect$$$$00000008  mc_w.l(entry7b.o)
    0x08000138   0x00000000   Code   RO         1549    .ARM.Collect$$$$0000000A  mc_w.l(entry8b.o)
    0x08000138   0x00000008   Code   RO         1550    .ARM.Collect$$$$0000000B  mc_w.l(entry9a.o)
    0x08000140   0x00000000   Code   RO         1552    .ARM.Collect$$$$0000000D  mc_w.l(entry10a.o)
    0x08000140   0x00000000   Code   RO         1554    .ARM.Collect$$$$0000000F  mc_w.l(entry11a.o)
    0x08000140   0x00000004   Code   RO         1543    .ARM.Collect$$$$00002712  mc_w.l(entry2.o)
    0x08000144   0x000000d0   Code   RO            1    .text               main.o
    0x08000214   0x0000001a   Code   RO          160    .text               stm32f10x_it.o
    0x0800022e   0x00000002   PAD
    0x08000230   0x000001e0   Code   RO          201    .text               system_stm32f10x.o
    0x08000410   0x00000038   Code   RO          219    .text               led.o
    0x08000448   0x00000348   Code   RO          231    .text               key.o
    0x08000790   0x00000644   Code   RO          265    .text               cmt211xa.o
    0x08000dd4   0x000001cc   Code   RO          281    .text               pwm.o
    0x08000fa0   0x0000018c   Code   RO          295    .text               adc.o
    0x0800112c   0x0000062c   Code   RO          308    .text               cc110x.o
    0x08001758   0x000000f8   Code   RO          342    .text               delay.o
    0x08001850   0x00000918   Code   RO          373    .text               usart.o
    0x08002168   0x00000c40   Code   RO          396    .text               usmart.o
    0x08002da8   0x00000528   Code   RO          425    .text               usmart_str.o
    0x080032d0   0x00000024   Code   RO          450    .text               startup_stm32f10x_hd.o
    0x080032f4   0x0000035c   Code   RO          454    .text               stm32f10x_gpio.o
    0x08003650   0x000003a4   Code   RO          466    .text               stm32f10x_rcc.o
    0x080039f4   0x00000408   Code   RO          480    .text               stm32f10x_usart.o
    0x08003dfc   0x000000dc   Code   RO          492    .text               misc.o
    0x08003ed8   0x00000e1a   Code   RO          516    .text               stm32f10x_tim.o
    0x08004cf2   0x00000002   PAD
    0x08004cf4   0x0000044e   Code   RO          528    .text               stm32f10x_adc.o
    0x08005142   0x00000002   PAD
    0x08005144   0x0000011c   Code   RO          540    .text               stm32f10x_exti.o
    0x08005260   0x00001324   Code   RO          590    .text               pro.o
    0x08006584   0x00000062   Code   RO         1259    .text               mc_w.l(uldiv.o)
    0x080065e6   0x00000024   Code   RO         1261    .text               mc_w.l(memcpya.o)
    0x0800660a   0x00000024   Code   RO         1263    .text               mc_w.l(memseta.o)
    0x0800662e   0x000000e4   Code   RO         1532    .text               mf_w.l(dmul.o)
    0x08006712   0x0000000a   Code   RO         1534    .text               mf_w.l(ffltui.o)
    0x0800671c   0x00000026   Code   RO         1536    .text               mf_w.l(f2d.o)
    0x08006742   0x00000002   PAD
    0x08006744   0x00000030   Code   RO         1538    .text               mf_w.l(cdcmple.o)
    0x08006774   0x00000038   Code   RO         1540    .text               mf_w.l(d2f.o)
    0x080067ac   0x0000002c   Code   RO         1556    .text               mc_w.l(uidiv.o)
    0x080067d8   0x0000001e   Code   RO         1558    .text               mc_w.l(llshl.o)
    0x080067f6   0x00000020   Code   RO         1560    .text               mc_w.l(llushr.o)
    0x08006816   0x00000000   Code   RO         1562    .text               mc_w.l(iusefp.o)
    0x08006816   0x0000006e   Code   RO         1563    .text               mf_w.l(fepilogue.o)
    0x08006884   0x000000ba   Code   RO         1565    .text               mf_w.l(depilogue.o)
    0x0800693e   0x0000014e   Code   RO         1567    .text               mf_w.l(dadd.o)
    0x08006a8c   0x000000de   Code   RO         1569    .text               mf_w.l(ddiv.o)
    0x08006b6a   0x00000030   Code   RO         1571    .text               mf_w.l(dfixul.o)
    0x08006b9a   0x00000002   PAD
    0x08006b9c   0x00000030   Code   RO         1573    .text               mf_w.l(cdrcmple.o)
    0x08006bcc   0x00000024   Code   RO         1575    .text               mc_w.l(init.o)
    0x08006bf0   0x00000024   Code   RO         1577    .text               mc_w.l(llsshr.o)
    0x08006c14   0x00000056   Code   RO         1587    .text               mc_w.l(__dczerorl2.o)
    0x08006c6a   0x00000002   PAD
    0x08006c6c   0x00000020   Code   RO         1504    i.__0printf         mc_w.l(printfa.o)
    0x08006c8c   0x0000000e   Code   RO         1581    i.__scatterload_copy  mc_w.l(handlers.o)
    0x08006c9a   0x00000002   Code   RO         1582    i.__scatterload_null  mc_w.l(handlers.o)
    0x08006c9c   0x0000000e   Code   RO         1583    i.__scatterload_zeroinit  mc_w.l(handlers.o)
    0x08006caa   0x00000002   PAD
    0x08006cac   0x00000184   Code   RO         1511    i._fp_digits        mc_w.l(printfa.o)
    0x08006e30   0x000006dc   Code   RO         1512    i._printf_core      mc_w.l(printfa.o)
    0x0800750c   0x00000024   Code   RO         1513    i._printf_post_padding  mc_w.l(printfa.o)
    0x08007530   0x0000002e   Code   RO         1514    i._printf_pre_padding  mc_w.l(printfa.o)
    0x0800755e   0x0000000c   Code   RO         1001    i.fix_read_v        libsz.lib(ring_buffer.o)
    0x0800756a   0x00000010   Code   RO         1002    i.fix_write_v       libsz.lib(ring_buffer.o)
    0x0800757a   0x00000014   Code   RO         1003    i.get_buf_data_size  libsz.lib(ring_buffer.o)
    0x0800758e   0x0000001c   Code   RO         1004    i.get_buf_left_size  libsz.lib(ring_buffer.o)
    0x080075aa   0x00000020   Code   RO         1005    i.get_higest_bit    libsz.lib(ring_buffer.o)
    0x080075ca   0x00000032   Code   RO         1006    i.init_ring_buf     libsz.lib(ring_buffer.o)
    0x080075fc   0x00000044   Code   RO         1010    i.pop_buf           libsz.lib(ring_buffer.o)
    0x08007640   0x000000b4   Code   RO         1011    i.pop_buf_t         libsz.lib(ring_buffer.o)
    0x080076f4   0x00000048   Code   RO         1012    i.push_buf          libsz.lib(ring_buffer.o)
    0x0800773c   0x000000c0   Code   RO         1013    i.push_buf_t        libsz.lib(ring_buffer.o)
    0x080077fc   0x00000023   Data   RO          309    .constdata          cc110x.o
    0x0800781f   0x00000001   PAD
    0x08007820   0x00000014   Data   RO          592    .constdata          pro.o
    0x08007834   0x00000028   Data   RO          397    .conststring        usmart.o
    0x0800785c   0x0000006b   Data   RO          412    .conststring        usmart_config.o
    0x080078c7   0x00000001   PAD
    0x080078c8   0x00000020   Data   RO         1579    Region$$Table       anon$$obj.o


    Execution Region RW_IRAM1 (Base: 0x20000000, Size: 0x00002720, Max: 0x0000c000, ABSOLUTE, COMPRESSED[0x00000088])

    Base Addr    Size         Type   Attr      Idx    E Section Name        Object

    0x20000000   0x00000014   Data   RW          202    .data               system_stm32f10x.o
    0x20000014   0x00000001   Data   RW          233    .data               key.o
    0x20000015   0x00000003   PAD
    0x20000018   0x00000017   Data   RW          267    .data               cmt211xa.o
    0x2000002f   0x00000001   PAD
    0x20000030   0x00000008   Data   RW          282    .data               pwm.o
    0x20000038   0x00000008   Data   RW          296    .data               adc.o
    0x20000040   0x00000004   Data   RW          310    .data               cc110x.o
    0x20000044   0x00000004   Data   RW          343    .data               delay.o
    0x20000048   0x00000020   Data   RW          375    .data               usart.o
    0x20000068   0x0000001c   Data   RW          398    .data               usmart.o
    0x20000084   0x00000114   Data   RW          413    .data               usmart_config.o
    0x20000198   0x00000014   Data   RW          467    .data               stm32f10x_rcc.o
    0x200001ac   0x0000000c   Data   RW          593    .data               pro.o
    0x200001b8   0x0000000f   Zero   RW          232    .bss                key.o
    0x200001c7   0x00000040   Zero   RW          266    .bss                cmt211xa.o
    0x20000207   0x00000001   PAD
    0x20000208   0x00001e28   Zero   RW          374    .bss                usart.o
    0x20002030   0x000002ec   Zero   RW          591    .bss                pro.o
    0x2000231c   0x00000004   PAD
    0x20002320   0x00000400   Zero   RW          447    STACK               startup_stm32f10x_hd.o


==============================================================================

Image component sizes


      Code (inc. data)   RO Data    RW Data    ZI Data      Debug   Object Name

       396         78          0          8          0       1284   adc.o
      1580        100         35          4          0       5807   cc110x.o
      1604        142          0         23         64       5055   cmt211xa.o
       248         20          0          4          0       1325   delay.o
       840         30          0          1         15       2724   key.o
        56          6          0          0          0        447   led.o
       208         16          0          0          0     267311   main.o
       220         22          0          0          0       1721   misc.o
      4900        772         20         12        748      10720   pro.o
       460         26          0          8          0       1715   pwm.o
        36          8        304          0       1024        756   startup_stm32f10x_hd.o
      1102         26          0          0          0      10965   stm32f10x_adc.o
       284         10          0          0          0       2179   stm32f10x_exti.o
       860         38          0          0          0       5657   stm32f10x_gpio.o
        26          0          0          0          0       1142   stm32f10x_it.o
       932         36          0         20          0       8800   stm32f10x_rcc.o
      3610         88          0          0          0      22764   stm32f10x_tim.o
      1032         22          0          0          0       8380   stm32f10x_usart.o
         0          0          0          0          0         32   sys.o
       480         38          0         20          0       1623   system_stm32f10x.o
      2328        194          0         32       7720      10859   usart.o
      3136       1288         40         28          0       4214   usmart.o
         0          0        107        276          0       1452   usmart_config.o
      1320         12          0          0          0       5153   usmart_str.o

    ----------------------------------------------------------------------
     25664       2972        540        440       9576     382085   Object Totals
         0          0         32          0          0          0   (incl. Generated)
         6          0          2          4          5          0   (incl. Padding)

    ----------------------------------------------------------------------

      Code (inc. data)   RO Data    RW Data    ZI Data      Debug   Library Member Name

       670          0          0          0          0       7030   ring_buffer.o
        86          0          0          0          0          0   __dczerorl2.o
         0          0          0          0          0          0   entry.o
         0          0          0          0          0          0   entry10a.o
         0          0          0          0          0          0   entry11a.o
         8          4          0          0          0          0   entry2.o
         4          0          0          0          0          0   entry5.o
         0          0          0          0          0          0   entry7b.o
         0          0          0          0          0          0   entry8b.o
         8          4          0          0          0          0   entry9a.o
        30          0          0          0          0          0   handlers.o
        36          8          0          0          0         68   init.o
         0          0          0          0          0          0   iusefp.o
        30          0          0          0          0         68   llshl.o
        36          0          0          0          0         68   llsshr.o
        32          0          0          0          0         68   llushr.o
        36          0          0          0          0         68   memcpya.o
        36          0          0          0          0        108   memseta.o
      2258         90          0          0          0        452   printfa.o
        44          0          0          0          0         80   uidiv.o
        98          0          0          0          0         92   uldiv.o
        48          0          0          0          0         68   cdcmple.o
        48          0          0          0          0         68   cdrcmple.o
        56          0          0          0          0         88   d2f.o
       334          0          0          0          0        148   dadd.o
       222          0          0          0          0        100   ddiv.o
       186          0          0          0          0        176   depilogue.o
        48          0          0          0          0         68   dfixul.o
       228          0          0          0          0         96   dmul.o
        38          0          0          0          0         68   f2d.o
       110          0          0          0          0        168   fepilogue.o
        10          0          0          0          0         68   ffltui.o

    ----------------------------------------------------------------------
      4748        106          0          0          0       9218   Library Totals
         8          0          0          0          0          0   (incl. Padding)

    ----------------------------------------------------------------------

      Code (inc. data)   RO Data    RW Data    ZI Data      Debug   Library Name

       670          0          0          0          0       7030   libsz.lib
      2742        106          0          0          0       1072   mc_w.l
      1328          0          0          0          0       1116   mf_w.l

    ----------------------------------------------------------------------
      4748        106          0          0          0       9218   Library Totals

    ----------------------------------------------------------------------

==============================================================================


      Code (inc. data)   RO Data    RW Data    ZI Data      Debug   

     30412       3078        540        440       9576     387791   Grand Totals
     30412       3078        540        136       9576     387791   ELF Image Totals (compressed)
     30412       3078        540        136          0          0   ROM Totals

==============================================================================

    Total RO  Size (Code + RO Data)                30952 (  30.23kB)
    Total RW  Size (RW Data + ZI Data)             10016 (   9.78kB)
    Total ROM Size (Code + RO Data + RW Data)      31088 (  30.36kB)

==============================================================================

